{
  "email": "test@test.com",
  "email_verified": false
}