{
  "actual_sp": 100,
  "end_date": "2100-04-07",
  "ideal_sp": 20,
  "start_date": "2100-04-01"
}