{
  "email": "test@test.com",
  "password": "$2a$10$WD2N2STWgBaeVcWQddQ/f.cDES7k61QE3975JrUcAv2EfmmV8fPNO"
}