{
  "actual_sp": 100,
  "end_date": "2100-04-08T09:00:00+09:00",
  "ideal_sp": 20,
  "start_date": "2100-04-01T09:00:00+09:00"
}